// Jest Snapshot v1, https://goo.gl/fbAQLP

exports[`template renders default 1`] = `
"<div id=\\"dont-change-please\\" class=\\"modal\\">
  <div class=\\"modal-dialog\\">
    <div class=\\"modal-content\\">
      <!--v-if-->
      <!--v-if-->
      <!--v-if-->
    </div>
  </div>
</div>"
`;
