// Jest Snapshot v1, https://goo.gl/fbAQLP

exports[`template renders default 1`] = `
"<div class=\\"input-group input-group-md\\">
  <!--v-if-->
  <!--v-if-->
</div>"
`;
