// Jest Snapshot v1, https://goo.gl/fbAQLP

exports[`template renders default 1`] = `
"<ul class=\\"list-group\\">
  <!-- @slot Displays the content of the list group -->
</ul>"
`;
