// Jest Snapshot v1, https://goo.gl/fbAQLP

exports[`template renders default 1`] = `
"<button class=\\"btn btn-md btn-primary\\">
  <!-- @slot Displays content inside the button -->
</button>"
`;
