// Jest Snapshot v1, https://goo.gl/fbAQLP

exports[`template renders default 1`] = `
"<li class=\\"breadcrumb-item\\">
  <!-- @slot Displays content inside the breadcrumb item -->
</li>"
`;
