// Jest Snapshot v1, https://goo.gl/fbAQLP

exports[`template renders default 1`] = `
"<nav>
  <ol class=\\"breadcrumb\\">
    <!-- @slot Displays content inside the breadcrumb -->
  </ol>
</nav>"
`;
