// Jest Snapshot v1, https://goo.gl/fbAQLP

exports[`template renders default 1`] = `
"<div class=\\"col\\">
  <!-- @slot Displays content inside the col -->
</div>"
`;
