// Jest Snapshot v1, https://goo.gl/fbAQLP

exports[`template renders default 1`] = `"<input class=\\"form-control form-control-md\\" placeholder=\\"\\" type=\\"text\\" model-value=\\"\\">"`;
