// Jest Snapshot v1, https://goo.gl/fbAQLP

exports[`template renders default 1`] = `"<div class=\\"spinner-border-md spinner-border text-primary\\"></div>"`;
