// Jest Snapshot v1, https://goo.gl/fbAQLP

exports[`template renders default 1`] = `"<div id=\\"dont-change-please\\" class=\\"accordion\\"></div>"`;
