// Jest Snapshot v1, https://goo.gl/fbAQLP

exports[`template renders default 1`] = `"<nav class=\\"nav\\"></nav>"`;
