// Jest Snapshot v1, https://goo.gl/fbAQLP

exports[`template renders default 1`] = `"<button-stub disabled=\\"false\\" outline=\\"false\\" size=\\"md\\" variant=\\"primary\\"></button-stub>"`;
