// Jest Snapshot v1, https://goo.gl/fbAQLP

exports[`template renders default 1`] = `
"<div class=\\"alert alert-primary\\">
  <!-- @slot Displays content inside the alert -->
</div>"
`;
