// Jest Snapshot v1, https://goo.gl/fbAQLP

exports[`template renders default 1`] = `"<div class=\\"badge bg-primary\\"></div>"`;
