// Jest Snapshot v1, https://goo.gl/fbAQLP

exports[`template renders default 1`] = `
"<a class=\\"nav-link\\" href=\\"#\\">
  <!-- @slot Displays the content of the nav link -->
</a>"
`;
