// Jest Snapshot v1, https://goo.gl/fbAQLP

exports[`template renders default 1`] = `"<div class=\\"btn-group btn-group-md\\"></div>"`;
