// Jest Snapshot v1, https://goo.gl/fbAQLP

exports[`template renders default 1`] = `
"<div id=\\"owow-982f85ac-0973-41db-9f76-ba666ac93662\\" class=\\"modal\\">
  <div class=\\"modal-dialog\\">
    <div class=\\"modal-content\\">
      <div class=\\"modal-header\\">
        <h5 class=\\"modal-title\\">Confirm</h5><button class=\\"btn-close\\" data-bs-dismiss=\\"modal\\" type=\\"button\\"></button>
      </div>
      <div class=\\"modal-body\\">You are about to do something that requires confirmation. Do you wish to continue?</div>
      <div class=\\"modal-footer\\"><button class=\\"btn btn-md btn-light\\" data-bs-dismiss=\\"modal\\"> Cancel </button><button class=\\"btn btn-md btn-danger\\"> Confirm </button></div>
    </div>
  </div>
</div>"
`;
